// Jest Snapshot v1, https://goo.gl/fbAQLP

exports[`App Component snapshot test 1`] = `ShallowWrapper {}`;
